// Jest Snapshot v1, https://goo.gl/fbAQLP

exports[`<App /> should render and match the snapshot 1`] = `
<div>
  <ForwardRef
    to="/"
  >
    String Input
  </ForwardRef>
  <ForwardRef
    to="/list"
  >
    Strings List
  </ForwardRef>
  <hr />
  <Switch>
    <Route
      component={[Function]}
      exact={true}
      path="/"
    />
    <Route
      component={[Function]}
      path="/list"
    />
    <Route
      component={[Function]}
    />
  </Switch>
  <GlobalStyleComponent />
</div>
`;
