// Jest Snapshot v1, https://goo.gl/fbAQLP

exports[`getStrings Saga should dispatch the stringsLoaded action if the call is successful 1`] = `
Object {
  "@@redux-saga/IO": true,
  "combinator": false,
  "payload": Object {
    "args": Array [
      "/api/inputs",
    ],
    "context": null,
    "fn": [Function],
  },
  "type": "CALL",
}
`;
